2026-07-22T06:11:21.974474Z  INFO herdr::logging: herdr starting event="app.startup" subsystem="client" outcome="started" pid=73086
2026-07-22T06:11:21.974533Z  INFO herdr::client: connecting to server path=/Users/oliver/.config/herdr/herdr-client.sock
2026-07-22T06:11:22.134483Z  INFO herdr::client: handshake succeeded version=16 encoding=SemanticFrame
2026-07-22T06:11:44.165089Z  WARN herdr::raw_input: flushing lone escape after input timeout; if this follows an alt chord or focus switch it may reach the pane as plain esc bytes=[27]
2026-07-22T06:11:44.165177Z  WARN herdr::raw_input: flushing lone escape after input timeout; if this follows an alt chord or focus switch it may reach the pane as plain esc bytes=[27]
2026-07-22T06:11:45.783183Z  WARN herdr::raw_input: flushing lone escape after input timeout; if this follows an alt chord or focus switch it may reach the pane as plain esc bytes=[27]
2026-07-22T06:11:45.783492Z  WARN herdr::raw_input: flushing lone escape after input timeout; if this follows an alt chord or focus switch it may reach the pane as plain esc bytes=[27]
2026-07-22T06:11:45.951173Z  WARN herdr::raw_input: flushing lone escape after input timeout; if this follows an alt chord or focus switch it may reach the pane as plain esc bytes=[27]
2026-07-22T06:11:45.951620Z  WARN herdr::raw_input: flushing lone escape after input timeout; if this follows an alt chord or focus switch it may reach the pane as plain esc bytes=[27]
2026-07-22T06:12:04.125245Z  INFO herdr::logging: herdr exiting event="app.shutdown" subsystem="client" outcome="completed" pid=73086
2026-07-22T06:12:28.107083Z  INFO herdr::logging: herdr starting event="app.startup" subsystem="client" outcome="started" pid=77472
2026-07-22T06:12:28.107137Z  INFO herdr::client: connecting to server path=/Users/oliver/.config/herdr/herdr-client.sock
2026-07-22T06:12:28.142619Z  INFO herdr::client: handshake succeeded version=16 encoding=SemanticFrame
2026-07-22T06:12:36.299998Z  INFO herdr::logging: herdr exiting event="app.shutdown" subsystem="client" outcome="completed" pid=77472
2026-07-22T06:12:40.891744Z  INFO herdr::logging: herdr starting event="app.startup" subsystem="client" outcome="started" pid=77515
2026-07-22T06:12:40.891795Z  INFO herdr::client: connecting to server path=/Users/oliver/.config/herdr/herdr-client.sock
2026-07-22T06:12:41.145269Z  INFO herdr::client: handshake succeeded version=16 encoding=SemanticFrame
2026-07-22T06:13:47.852407Z  INFO herdr::logging: herdr exiting event="app.shutdown" subsystem="client" outcome="completed" pid=77515
2026-07-22T06:14:01.201670Z  INFO herdr::logging: herdr starting event="app.startup" subsystem="client" outcome="started" pid=77872
2026-07-22T06:14:01.201728Z  INFO herdr::client: connecting to server path=/Users/oliver/.config/herdr/herdr-client.sock
2026-07-22T06:14:01.368189Z  INFO herdr::client: handshake succeeded version=16 encoding=SemanticFrame
2026-07-22T06:15:52.157034Z  INFO herdr::logging: herdr exiting event="app.shutdown" subsystem="client" outcome="completed" pid=77872
2026-07-22T06:15:54.165711Z  INFO herdr::logging: herdr starting event="app.startup" subsystem="client" outcome="started" pid=77969
2026-07-22T06:15:54.165753Z  INFO herdr::client: connecting to server path=/Users/oliver/.config/herdr/herdr-client.sock
2026-07-22T06:15:54.215068Z  INFO herdr::client: handshake succeeded version=16 encoding=SemanticFrame
2026-07-22T06:16:54.536654Z  INFO herdr::logging: herdr exiting event="app.shutdown" subsystem="client" outcome="completed" pid=77969
2026-07-22T06:16:55.713107Z  INFO herdr::logging: herdr starting event="app.startup" subsystem="client" outcome="started" pid=78159
2026-07-22T06:16:55.713152Z  INFO herdr::client: connecting to server path=/Users/oliver/.config/herdr/herdr-client.sock
2026-07-22T06:16:55.818049Z  INFO herdr::client: handshake succeeded version=16 encoding=SemanticFrame
2026-07-22T07:02:31.190291Z  INFO herdr::logging: herdr exiting event="app.shutdown" subsystem="client" outcome="completed" pid=78159
2026-07-22T07:03:01.942001Z  INFO herdr::logging: herdr starting event="app.startup" subsystem="client" outcome="started" pid=78275
2026-07-22T07:03:01.942067Z  INFO herdr::client: connecting to server path=/Users/oliver/.config/herdr/herdr-client.sock
2026-07-22T07:03:02.065764Z  INFO herdr::client: handshake succeeded version=16 encoding=SemanticFrame
2026-07-25T08:39:35.856030Z  INFO herdr::logging: herdr exiting event="app.shutdown" subsystem="client" outcome="completed" pid=78275
2026-07-25T08:39:38.687631Z  INFO herdr::logging: herdr starting event="app.startup" subsystem="client" outcome="started" pid=43739
2026-07-25T08:39:38.687681Z  INFO herdr::client: connecting to server path=/Users/oliver/.config/herdr/herdr-client.sock
2026-07-25T08:39:38.923765Z  INFO herdr::client: handshake succeeded version=16 encoding=SemanticFrame
2026-07-25T09:08:45.320582Z  INFO herdr::logging: herdr exiting event="app.shutdown" subsystem="client" outcome="completed" pid=43739
2026-07-25T09:14:53.459409Z  INFO herdr::logging: herdr starting event="app.startup" subsystem="client" outcome="started" pid=86347
2026-07-25T09:14:53.459604Z  INFO herdr::client: connecting to server path=/Users/oliver/.config/herdr/herdr-client.sock
2026-07-25T09:14:53.630409Z  INFO herdr::client: handshake succeeded version=16 encoding=SemanticFrame
2026-07-30T01:54:51.283936Z  INFO herdr::logging: herdr exiting event="app.shutdown" subsystem="client" outcome="completed" pid=86347
2026-07-30T02:45:50.462386Z  INFO herdr::logging: herdr starting event="app.startup" subsystem="client" outcome="started" pid=98847
2026-07-30T02:45:50.462591Z  INFO herdr::client: connecting to server path=/Users/oliver/.config/herdr/herdr-client.sock
2026-07-30T02:45:50.669142Z  INFO herdr::client: handshake succeeded version=16 encoding=SemanticFrame
2026-08-05T02:11:53.601503Z  INFO herdr::logging: herdr starting event="app.startup" subsystem="client" outcome="started" pid=1243
2026-08-05T02:11:53.601624Z  INFO herdr::client: connecting to server path=/Users/oliver/.config/herdr/herdr-client.sock
2026-08-05T02:11:53.607407Z  INFO herdr::client: handshake succeeded version=16 encoding=SemanticFrame
